<?xml version="1.0" encoding="utf-8"?><testsuites><testsuite name="pytest" errors="0" failures="0" skipped="0" tests="2" time="0.652" timestamp="2025-05-11T21:18:20.835213" hostname="majki-HP-EliteBook-820-G3"><testcase classname="mediaapp.tests.routers.test_post" name="test_create_post" time="0.018" /><testcase classname="mediaapp.tests.routers.test_post" name="test_create_postt" time="0.004" /></testsuite></testsuites>